
# Forcefield configuration

           parameters /scratch/giuseppe/RS_grant_project_2023/binding_steps/run_1_new/binding_step_2_2/parameters/par_all36_lipid.prm
           parameters /scratch/giuseppe/RS_grant_project_2023/binding_steps/run_1_new/binding_step_2_2/parameters/par_all36_prot.prm
           parameters /scratch/giuseppe/RS_grant_project_2023/binding_steps/run_1_new/binding_step_2_2/parameters/par_all36_cgenff.prm

# Initial State

            structure ../../system/NEUTRAL_fis.psf
          coordinates ../../system/NEUTRAL_fis.pdb
       binCoordinates ../../system/previous.coor
        binVelocities ../../system/previous.vel
       extendedSystem ../../system/previous.xsc
#          temperature 310.00 # Explicit velocity field provided

# Output

       trajectoryFile GLP1_binding_step_2_0.xtc
     trajectoryPeriod 25000

# Electrostatics 

                  PME on
               cutoff 9.00 # A
            switching on
       switchDistance 7.50 # A
      implicitSolvent off

# Temperature Control 

           thermostat on
 thermostatTemperature 310.00 # K
    thermostatDamping 0.10 # /ps

# Pressure Control 

             barostat off
     barostatPressure 1.0000 # bar
  barostatAnisotropic off
   barostatConstRatio off
      barostatConstXY off

# Integration

             timeStep 4.00 # fs
           slowPeriod 4.00 # fs

# External forces


# Restraints


# Run Configuration

              restart off
                  run 100000
